[en4.onlinevideoconverter.pro/38PV/index.html]
[backblue.gif]
[fade.gif]
[index.html]
[onlinevideoconverter.pro/img/siteImage.png]
[en4.onlinevideoconverter.pro/img/favicon.png]
[en4.onlinevideoconverter.pro/css/all2de1.css]
[en4.onlinevideoconverter.pro/img/new/ovclogo.png]
[en4.onlinevideoconverter.pro/img/new/ovclogomin.png]
[en4.onlinevideoconverter.pro/img/new/steps/1step.png]
[en4.onlinevideoconverter.pro/img/new/steps/2step.png]
[en4.onlinevideoconverter.pro/img/new/steps/3step.png]
[en4.onlinevideoconverter.pro/img/new/downloads/extension.png]
[en4.onlinevideoconverter.pro/img/new/downloads/mobile.png]
[en4.onlinevideoconverter.pro/js/appd3df.js]
[en4.onlinevideoconverter.pro/38PV/index.html]
[en4.onlinevideoconverter.pro/cdn-cgi/scripts/7d0fa10a/cloudflare-static/rocket-loader.min.js]
[en4.onlinevideoconverter.pro/img/select-yes.png]
[mc.yandex.ru/metrika/tag.js]
[en4.onlinevideoconverter.pro/img/loader8.png]
[en4.onlinevideoconverter.pro/css/all2de1.css]
